// Jest Snapshot v1, https://goo.gl/fbAQLP

exports[`Set timout polyfill Should have the same behavior as normal timeout if delay is 0 or less than max 1`] = `
[
  [
    1,
    2,
    3,
    undefined,
  ],
  [
    1,
    2,
    3,
    NaN,
  ],
  [
    1,
    2,
    3,
    0,
  ],
  [
    1,
    2,
    3,
    2147483646,
  ],
]
`;

exports[`Set timout polyfill Should nest timeouts if delay is more than max 1`] = `
[
  [
    1,
    2,
    3,
    2147483647,
  ],
]
`;
