// Jest Snapshot v1, https://goo.gl/fbAQLP

exports[`General utilities Deep clone should work correctly 1`] = `
{
  "a": {
    "b": {
      "c": {
        "d": "10",
        "e": "10",
      },
    },
  },
}
`;
