// Jest Snapshot v1, https://goo.gl/fbAQLP

exports[`Underscore ID key Replace ID key 1`] = `
{
  "_id": 1,
  "a": {
    "_id": 2,
    "b": {
      "_id": 3,
      "c": "Big deal",
    },
    "c": "No big deal",
  },
  "c": ""id":",
  "d": "id:",
}
`;
