// Jest Snapshot v1, https://goo.gl/fbAQLP

exports[`External GraphQL client Should retry when requested by interceptor 1`] = `
[
  [
    {},
  ],
  [
    {},
  ],
  [
    {},
  ],
  [
    {},
  ],
  [
    {},
  ],
]
`;
